local=/hesiod/
local=/ns.athena.mit.edu/

# Users

# Groups

# Group lists

